============================= test session starts =============================
platform win32 -- Python 3.13.5, pytest-9.0.2, pluggy-1.6.0
rootdir: D:\Development\alfred
configfile: pyproject.toml
plugins: cov-7.1.0
collected 217 items

tests\commands\test_asset_commands.py ......                             [  2%]
tests\commands\test_care_instruction_commands.py ............            [  8%]
tests\commands\test_decision_commands.py ......                          [ 11%]
tests\commands\test_fact_commands.py .............                       [ 17%]
tests\commands\test_help_memory_commands.py .                            [ 17%]
tests\commands\test_note_commands.py ..........                          [ 22%]
tests\commands\test_person_commands.py .....                             [ 24%]
tests\commands\test_procedure_commands.py ............                   [ 29%]
tests\commands\test_purchase_commands.py .......                         [ 33%]
tests\commands\test_root_cli.py ..                                       [ 34%]
tests\models\test_asset_model.py ..                                      [ 35%]
tests\models\test_decision_record_model.py ..                            [ 35%]
tests\models\test_household_fact_model.py ..                             [ 36%]
tests\models\test_note_model.py ..                                       [ 37%]
tests\models\test_person_model.py ..                                     [ 38%]
tests\models\test_procedure_model.py ..                                  [ 39%]
tests\models\test_purchase_model.py ..                                   [ 40%]
tests\repositories\test_asset_repository.py .....                        [ 42%]
tests\repositories\test_care_instruction_repository.py .........         [ 47%]
tests\repositories\test_decision_record_repository.py ...                [ 48%]
tests\repositories\test_household_fact_repository.py .........           [ 52%]
tests\repositories\test_note_repository.py ...                           [ 53%]
tests\repositories\test_person_repository.py ...                         [ 55%]
tests\repositories\test_procedure_repository.py .......                  [ 58%]
tests\repositories\test_purchase_repository.py ......                    [ 61%]
tests\services\test_asset_service.py ......                              [ 64%]
tests\services\test_care_instruction_service.py .................        [ 71%]
tests\services\test_decision_record_service.py .................         [ 79%]
tests\services\test_household_fact_service.py ......                     [ 82%]
tests\services\test_note_service.py ................                     [ 89%]
tests\services\test_person_service.py .....                              [ 92%]
tests\services\test_procedure_service.py .....                           [ 94%]
tests\services\test_purchase_service.py .....                            [ 96%]
tests\test_bootstrap.py .......                                          [100%]

=============================== tests coverage ================================
_______________ coverage: platform win32, python 3.13.5-final-0 _______________

Name                                                 Stmts   Miss  Cover   Missing
----------------------------------------------------------------------------------
alfred\__init__.py                                       0      0   100%
alfred\bootstrap.py                                     38      0   100%
alfred\cli.py                                           25      0   100%
alfred\commands\__init__.py                              0      0   100%
alfred\commands\assets.py                               41      0   100%
alfred\commands\care_instructions.py                    59      0   100%
alfred\commands\decisions.py                            33      0   100%
alfred\commands\fact.py                                 57      0   100%
alfred\commands\help_memory.py                           3      0   100%
alfred\commands\notes.py                                50      3    94%   32-34
alfred\commands\person_context.py                       34      0   100%
alfred\commands\procedures.py                           59      0   100%
alfred\commands\purchase.py                             56      0   100%
alfred\common\__init__.py                                2      0   100%
alfred\common\datetime.py                                4      0   100%
alfred\db\__init__.py                                    3      0   100%
alfred\db\base.py                                        3      0   100%
alfred\db\sqlalchemy_session_factory.py                 16      0   100%
alfred\models\__init__.py                                9      0   100%
alfred\models\asset.py                                  18      0   100%
alfred\models\care_instruction.py                       15      0   100%
alfred\models\decision_record.py                        10      0   100%
alfred\models\household_fact.py                         14      0   100%
alfred\models\note.py                                    9      0   100%
alfred\models\person.py                                 10      0   100%
alfred\models\procedure.py                              15      0   100%
alfred\models\purchase.py                               18      0   100%
alfred\repositories\__init__.py                          9      0   100%
alfred\repositories\asset_repository.py                 20      0   100%
alfred\repositories\care_instruction_repository.py      45      0   100%
alfred\repositories\decision_record_repository.py       16      0   100%
alfred\repositories\household_fact_repository.py        44      0   100%
alfred\repositories\note_repository.py                  20      0   100%
alfred\repositories\person_repository.py                16      0   100%
alfred\repositories\procedure_repository.py             45      0   100%
alfred\repositories\purchase_repository.py              21      0   100%
alfred\services\__init__.py                              9      0   100%
alfred\services\asset_service.py                        30      0   100%
alfred\services\care_instruction_service.py             47      0   100%
alfred\services\decision_record_service.py              15      0   100%
alfred\services\household_fact_service.py               41      0   100%
alfred\services\note_service.py                         14      0   100%
alfred\services\person_service.py                       12      0   100%
alfred\services\procedure_service.py                    47      7    85%   28, 31, 52, 64, 67, 86, 90
alfred\services\purchase_service.py                     30      0   100%
----------------------------------------------------------------------------------
TOTAL                                                 1082     10    99%
============================= 217 passed in 9.13s =============================
